Error processing ProstateX-0340: Segmentation Z dimension (84) is not 4 times the prostate volume Z dimension (19)
Error processing ProstateX-0102: cannot reshape array of size 3096576 into shape (21,320,320)
Error processing ProstateX-0166: cannot reshape array of size 7782400 into shape (19,384,384)
